{
    "pangenome - tsv": {
        "content": [
            {
                "0": [
                    [
                        {
                            "id": "test",
                            "single_end": false
                        },
                        "test.png:md5,f28abf5040c1459f9cd8feccd6ed6e87"
                    ]
                ],
                "1": [
                    "versions.yml:md5,03010deb4fdac68e5adfce8a402a8c18"
                ],
                "image": [
                    [
                        {
                            "id": "test",
                            "single_end": false
                        },
                        "test.png:md5,f28abf5040c1459f9cd8feccd6ed6e87"
                    ]
                ],
                "versions": [
                    "versions.yml:md5,03010deb4fdac68e5adfce8a402a8c18"
                ]
            }
        ],
        "timestamp": "2023-11-30T10:37:26.696444"
    }
}